Release 14.7 - xst P.20131013 (nt64)
Copyright (c) 1995-2013 Xilinx, Inc.  All rights reserved.
--> Parameter TMPDIR set to xst/projnav.tmp


Total REAL time to Xst completion: 0.00 secs
Total CPU time to Xst completion: 0.09 secs
 
--> Parameter xsthdpdir set to xst


Total REAL time to Xst completion: 0.00 secs
Total CPU time to Xst completion: 0.09 secs
 
--> Reading design: InstructionMemory.prj

TABLE OF CONTENTS
  1) Synthesis Options Summary
  2) HDL Compilation
  3) Design Hierarchy Analysis
  4) HDL Analysis
  5) HDL Synthesis
     5.1) HDL Synthesis Report
  6) Advanced HDL Synthesis
     6.1) Advanced HDL Synthesis Report
  7) Low Level Synthesis
  8) Partition Report
  9) Final Report
	9.1) Device utilization summary
	9.2) Partition Resource Summary
	9.3) TIMING REPORT


=========================================================================
*                      Synthesis Options Summary                        *
=========================================================================
---- Source Parameters
Input File Name                    : "InstructionMemory.prj"
Input Format                       : mixed
Ignore Synthesis Constraint File   : NO

---- Target Parameters
Output File Name                   : "InstructionMemory"
Output Format                      : NGC
Target Device                      : xc3s400-5-pq208

---- Source Options
Top Module Name                    : InstructionMemory
Automatic FSM Extraction           : YES
FSM Encoding Algorithm             : Auto
Safe Implementation                : No
FSM Style                          : LUT
RAM Extraction                     : Yes
RAM Style                          : Auto
ROM Extraction                     : Yes
Mux Style                          : Auto
Decoder Extraction                 : YES
Priority Encoder Extraction        : Yes
Shift Register Extraction          : YES
Logical Shifter Extraction         : YES
XOR Collapsing                     : YES
ROM Style                          : Auto
Mux Extraction                     : Yes
Resource Sharing                   : YES
Asynchronous To Synchronous        : NO
Multiplier Style                   : Auto
Automatic Register Balancing       : No

---- Target Options
Add IO Buffers                     : YES
Global Maximum Fanout              : 100000
Add Generic Clock Buffer(BUFG)     : 8
Register Duplication               : YES
Slice Packing                      : YES
Optimize Instantiated Primitives   : NO
Use Clock Enable                   : Yes
Use Synchronous Set                : Yes
Use Synchronous Reset              : Yes
Pack IO Registers into IOBs        : Auto
Equivalent register Removal        : YES

---- General Options
Optimization Goal                  : Speed
Optimization Effort                : 1
Keep Hierarchy                     : No
Netlist Hierarchy                  : As_Optimized
RTL Output                         : Yes
Global Optimization                : AllClockNets
Read Cores                         : YES
Write Timing Constraints           : NO
Cross Clock Analysis               : NO
Hierarchy Separator                : /
Bus Delimiter                      : <>
Case Specifier                     : Maintain
Slice Utilization Ratio            : 100
BRAM Utilization Ratio             : 100
Verilog 2001                       : YES
Auto BRAM Packing                  : NO
Slice Utilization Ratio Delta      : 5

=========================================================================


=========================================================================
*                          HDL Compilation                              *
=========================================================================
Compiling verilog file "../InstructionMemory.v" in library work
Module <InstructionMemory> compiled
No errors in compilation
Analysis of file <"InstructionMemory.prj"> succeeded.
 

=========================================================================
*                     Design Hierarchy Analysis                         *
=========================================================================
Analyzing hierarchy for module <InstructionMemory> in library <work>.


=========================================================================
*                            HDL Analysis                               *
=========================================================================
Analyzing top module <InstructionMemory>.
WARNING:Xst:2211 - "blk_mem_gen_v7_3.v" line 53: Instantiating black box module <blk_mem_gen_v7_3>.
Module <InstructionMemory> is correct for synthesis.
 

=========================================================================
*                           HDL Synthesis                               *
=========================================================================

Performing bidirectional port resolution...

Synthesizing Unit <InstructionMemory>.
    Related source file is "../InstructionMemory.v".
WARNING:Xst:647 - Input <writeEnable> is never used. This port will be preserved and left unconnected if it belongs to a top-level block or it belongs to a sub-block and the hierarchy of this sub-block is preserved.
WARNING:Xst:647 - Input <instruction_addr> is never used. This port will be preserved and left unconnected if it belongs to a top-level block or it belongs to a sub-block and the hierarchy of this sub-block is preserved.
WARNING:Xst:653 - Signal <instruction_addrr> is used but never assigned. This sourceless signal will be automatically connected to value 0.
Unit <InstructionMemory> synthesized.


=========================================================================
HDL Synthesis Report

Found no macro
=========================================================================

=========================================================================
*                       Advanced HDL Synthesis                          *
=========================================================================

Reading core <blk_mem_gen_v7_3.ngc>.
Loading core <blk_mem_gen_v7_3> for timing and area information for instance <InstMem>.

=========================================================================
Advanced HDL Synthesis Report

Found no macro
=========================================================================

=========================================================================
*                         Low Level Synthesis                           *
=========================================================================
INFO:Xst:1901 - Instance U0/xst_blk_mem_generator/gnativebmg.native_blk_mem_gen/valid.cstr/ramloop[15].ram.r/s3_init.ram/dpram.dp2x2.ram in unit U0/xst_blk_mem_generator/gnativebmg.native_blk_mem_gen/valid.cstr/ramloop[15].ram.r/s3_init.ram/dpram.dp2x2.ram of type RAMB16_S2_S2 has been replaced by RAMB16
INFO:Xst:1901 - Instance U0/xst_blk_mem_generator/gnativebmg.native_blk_mem_gen/valid.cstr/ramloop[14].ram.r/s3_init.ram/dpram.dp2x2.ram in unit U0/xst_blk_mem_generator/gnativebmg.native_blk_mem_gen/valid.cstr/ramloop[14].ram.r/s3_init.ram/dpram.dp2x2.ram of type RAMB16_S2_S2 has been replaced by RAMB16
INFO:Xst:1901 - Instance U0/xst_blk_mem_generator/gnativebmg.native_blk_mem_gen/valid.cstr/ramloop[13].ram.r/s3_init.ram/dpram.dp2x2.ram in unit U0/xst_blk_mem_generator/gnativebmg.native_blk_mem_gen/valid.cstr/ramloop[13].ram.r/s3_init.ram/dpram.dp2x2.ram of type RAMB16_S2_S2 has been replaced by RAMB16
INFO:Xst:1901 - Instance U0/xst_blk_mem_generator/gnativebmg.native_blk_mem_gen/valid.cstr/ramloop[12].ram.r/s3_init.ram/dpram.dp2x2.ram in unit U0/xst_blk_mem_generator/gnativebmg.native_blk_mem_gen/valid.cstr/ramloop[12].ram.r/s3_init.ram/dpram.dp2x2.ram of type RAMB16_S2_S2 has been replaced by RAMB16
INFO:Xst:1901 - Instance U0/xst_blk_mem_generator/gnativebmg.native_blk_mem_gen/valid.cstr/ramloop[11].ram.r/s3_init.ram/dpram.dp2x2.ram in unit U0/xst_blk_mem_generator/gnativebmg.native_blk_mem_gen/valid.cstr/ramloop[11].ram.r/s3_init.ram/dpram.dp2x2.ram of type RAMB16_S2_S2 has been replaced by RAMB16
INFO:Xst:1901 - Instance U0/xst_blk_mem_generator/gnativebmg.native_blk_mem_gen/valid.cstr/ramloop[10].ram.r/s3_init.ram/dpram.dp2x2.ram in unit U0/xst_blk_mem_generator/gnativebmg.native_blk_mem_gen/valid.cstr/ramloop[10].ram.r/s3_init.ram/dpram.dp2x2.ram of type RAMB16_S2_S2 has been replaced by RAMB16
INFO:Xst:1901 - Instance U0/xst_blk_mem_generator/gnativebmg.native_blk_mem_gen/valid.cstr/ramloop[9].ram.r/s3_init.ram/dpram.dp2x2.ram in unit U0/xst_blk_mem_generator/gnativebmg.native_blk_mem_gen/valid.cstr/ramloop[9].ram.r/s3_init.ram/dpram.dp2x2.ram of type RAMB16_S2_S2 has been replaced by RAMB16
INFO:Xst:1901 - Instance U0/xst_blk_mem_generator/gnativebmg.native_blk_mem_gen/valid.cstr/ramloop[8].ram.r/s3_init.ram/dpram.dp2x2.ram in unit U0/xst_blk_mem_generator/gnativebmg.native_blk_mem_gen/valid.cstr/ramloop[8].ram.r/s3_init.ram/dpram.dp2x2.ram of type RAMB16_S2_S2 has been replaced by RAMB16
INFO:Xst:1901 - Instance U0/xst_blk_mem_generator/gnativebmg.native_blk_mem_gen/valid.cstr/ramloop[7].ram.r/s3_init.ram/dpram.dp2x2.ram in unit U0/xst_blk_mem_generator/gnativebmg.native_blk_mem_gen/valid.cstr/ramloop[7].ram.r/s3_init.ram/dpram.dp2x2.ram of type RAMB16_S2_S2 has been replaced by RAMB16
INFO:Xst:1901 - Instance U0/xst_blk_mem_generator/gnativebmg.native_blk_mem_gen/valid.cstr/ramloop[6].ram.r/s3_init.ram/dpram.dp2x2.ram in unit U0/xst_blk_mem_generator/gnativebmg.native_blk_mem_gen/valid.cstr/ramloop[6].ram.r/s3_init.ram/dpram.dp2x2.ram of type RAMB16_S2_S2 has been replaced by RAMB16
INFO:Xst:1901 - Instance U0/xst_blk_mem_generator/gnativebmg.native_blk_mem_gen/valid.cstr/ramloop[5].ram.r/s3_init.ram/dpram.dp2x2.ram in unit U0/xst_blk_mem_generator/gnativebmg.native_blk_mem_gen/valid.cstr/ramloop[5].ram.r/s3_init.ram/dpram.dp2x2.ram of type RAMB16_S2_S2 has been replaced by RAMB16
INFO:Xst:1901 - Instance U0/xst_blk_mem_generator/gnativebmg.native_blk_mem_gen/valid.cstr/ramloop[4].ram.r/s3_init.ram/dpram.dp2x2.ram in unit U0/xst_blk_mem_generator/gnativebmg.native_blk_mem_gen/valid.cstr/ramloop[4].ram.r/s3_init.ram/dpram.dp2x2.ram of type RAMB16_S2_S2 has been replaced by RAMB16
INFO:Xst:1901 - Instance U0/xst_blk_mem_generator/gnativebmg.native_blk_mem_gen/valid.cstr/ramloop[3].ram.r/s3_init.ram/dpram.dp2x2.ram in unit U0/xst_blk_mem_generator/gnativebmg.native_blk_mem_gen/valid.cstr/ramloop[3].ram.r/s3_init.ram/dpram.dp2x2.ram of type RAMB16_S2_S2 has been replaced by RAMB16
INFO:Xst:1901 - Instance U0/xst_blk_mem_generator/gnativebmg.native_blk_mem_gen/valid.cstr/ramloop[2].ram.r/s3_init.ram/dpram.dp2x2.ram in unit U0/xst_blk_mem_generator/gnativebmg.native_blk_mem_gen/valid.cstr/ramloop[2].ram.r/s3_init.ram/dpram.dp2x2.ram of type RAMB16_S2_S2 has been replaced by RAMB16
INFO:Xst:1901 - Instance U0/xst_blk_mem_generator/gnativebmg.native_blk_mem_gen/valid.cstr/ramloop[1].ram.r/s3_init.ram/dpram.dp2x2.ram in unit U0/xst_blk_mem_generator/gnativebmg.native_blk_mem_gen/valid.cstr/ramloop[1].ram.r/s3_init.ram/dpram.dp2x2.ram of type RAMB16_S2_S2 has been replaced by RAMB16
INFO:Xst:1901 - Instance U0/xst_blk_mem_generator/gnativebmg.native_blk_mem_gen/valid.cstr/ramloop[0].ram.r/s3_init.ram/dpram.dp2x2.ram in unit U0/xst_blk_mem_generator/gnativebmg.native_blk_mem_gen/valid.cstr/ramloop[0].ram.r/s3_init.ram/dpram.dp2x2.ram of type RAMB16_S2_S2 has been replaced by RAMB16

Optimizing unit <InstructionMemory> ...

Mapping all equations...
Building and optimizing final netlist ...
Found area constraint ratio of 100 (+ 5) on block InstructionMemory, actual ratio is 0.

Final Macro Processing ...

=========================================================================
Final Register Report

Found no macro
=========================================================================

=========================================================================
*                           Partition Report                            *
=========================================================================

Partition Implementation Status
-------------------------------

  No Partitions were found in this design.

-------------------------------

=========================================================================
*                            Final Report                               *
=========================================================================
Final Results
RTL Top Level Output File Name     : InstructionMemory.ngr
Top Level Output File Name         : InstructionMemory
Output Format                      : NGC
Optimization Goal                  : Speed
Keep Hierarchy                     : No

Design Statistics
# IOs                              : 69

Cell Usage :
# BELS                             : 19
#      GND                         : 18
#      VCC                         : 1
# FlipFlops/Latches                : 32
#      FDRE                        : 32
# RAMS                             : 16
#      RAMB16                      : 16
# Clock Buffers                    : 1
#      BUFGP                       : 1
# IO Buffers                       : 64
#      IBUF                        : 32
#      OBUF                        : 32
=========================================================================

Device utilization summary:
---------------------------

Selected Device : 3s400pq208-5 

 Number of Slices:                       16  out of   3584     0%  
 Number of Slice Flip Flops:             32  out of   7168     0%  
 Number of IOs:                          69
 Number of bonded IOBs:                  65  out of    141    46%  
 Number of BRAMs:                        16  out of     16   100%  
 Number of GCLKs:                         1  out of      8    12%  

---------------------------
Partition Resource Summary:
---------------------------

  No Partitions were found in this design.

---------------------------


=========================================================================
TIMING REPORT

NOTE: THESE TIMING NUMBERS ARE ONLY A SYNTHESIS ESTIMATE.
      FOR ACCURATE TIMING INFORMATION PLEASE REFER TO THE TRACE REPORT
      GENERATED AFTER PLACE-and-ROUTE.

Clock Information:
------------------
-----------------------------------+----------------------------------------------------------------------------------------------------------------------------------------------------------------------------------------------------------------------------------------------+-------+
Clock Signal                       | Clock buffer(FF name)                                                                                                                                                                                                                        | Load  |
-----------------------------------+----------------------------------------------------------------------------------------------------------------------------------------------------------------------------------------------------------------------------------------------+-------+
clk                                | BUFGP                                                                                                                                                                                                                                        | 48    |
InstMem/N1                         | NONE(InstMem/U0/xst_blk_mem_generator/gnativebmg.native_blk_mem_gen/valid.cstr/ramloop[15].ram.r/s3_init.ram/dpram.dp2x2.ram/U0/xst_blk_mem_generator/gnativebmg.native_blk_mem_gen/valid.cstr/ramloop[15].ram.r/s3_init.ram/dpram.dp2x2.ram)| 16    |
-----------------------------------+----------------------------------------------------------------------------------------------------------------------------------------------------------------------------------------------------------------------------------------------+-------+
INFO:Xst:2169 - HDL ADVISOR - Some clock signals were not automatically buffered by XST with BUFG/BUFR resources. Please use the buffer_type constraint in order to insert these buffers to the clock signals to help prevent skew problems.

Asynchronous Control Signals Information:
----------------------------------------
No asynchronous control signals found in this design

Timing Summary:
---------------
Speed Grade: -5

   Minimum period: No path found
   Minimum input arrival time before clock: 1.817ns
   Maximum output required time after clock: 6.216ns
   Maximum combinational path delay: No path found

Timing Detail:
--------------
All values displayed in nanoseconds (ns)

=========================================================================
Timing constraint: Default OFFSET IN BEFORE for Clock 'clk'
  Total number of paths / destination ports: 32 / 32
-------------------------------------------------------------------------
Offset:              1.817ns (Levels of Logic = 2)
  Source:            data_in<31> (PAD)
  Destination:       InstMem/U0/xst_blk_mem_generator/gnativebmg.native_blk_mem_gen/valid.cstr/ramloop[15].ram.r/s3_init.ram/dpram.dp2x2.ram/U0/xst_blk_mem_generator/gnativebmg.native_blk_mem_gen/valid.cstr/ramloop[15].ram.r/s3_init.ram/dpram.dp2x2.ram (RAM)
  Destination Clock: clk rising

  Data Path: data_in<31> to InstMem/U0/xst_blk_mem_generator/gnativebmg.native_blk_mem_gen/valid.cstr/ramloop[15].ram.r/s3_init.ram/dpram.dp2x2.ram/U0/xst_blk_mem_generator/gnativebmg.native_blk_mem_gen/valid.cstr/ramloop[15].ram.r/s3_init.ram/dpram.dp2x2.ram
                                Gate     Net
    Cell:in->out      fanout   Delay   Delay  Logical Name (Net Name)
    ----------------------------------------  ------------
     IBUF:I->O             1   0.715   0.681  data_in_31_IBUF (data_in_31_IBUF)
     begin scope: 'InstMem'
     begin scope: 'U0/xst_blk_mem_generator/gnativebmg.native_blk_mem_gen/valid.cstr/ramloop[15].ram.r/s3_init.ram/dpram.dp2x2.ram'
     RAMB16:DIA1               0.421          U0/xst_blk_mem_generator/gnativebmg.native_blk_mem_gen/valid.cstr/ramloop[15].ram.r/s3_init.ram/dpram.dp2x2.ram
    ----------------------------------------
    Total                      1.817ns (1.136ns logic, 0.681ns route)
                                       (62.5% logic, 37.5% route)

=========================================================================
Timing constraint: Default OFFSET OUT AFTER for Clock 'clk'
  Total number of paths / destination ports: 32 / 32
-------------------------------------------------------------------------
Offset:              6.216ns (Levels of Logic = 2)
  Source:            InstMem/U0/xst_blk_mem_generator/gnativebmg.native_blk_mem_gen/valid.cstr/ramloop[15].ram.r/s3_init.ram/douta_n_1 (FF)
  Destination:       data_out<31> (PAD)
  Source Clock:      clk rising

  Data Path: InstMem/U0/xst_blk_mem_generator/gnativebmg.native_blk_mem_gen/valid.cstr/ramloop[15].ram.r/s3_init.ram/douta_n_1 to data_out<31>
                                Gate     Net
    Cell:in->out      fanout   Delay   Delay  Logical Name (Net Name)
    ----------------------------------------  ------------
     FDRE:C->Q             1   0.626   0.681  U0/xst_blk_mem_generator/gnativebmg.native_blk_mem_gen/valid.cstr/ramloop[15].ram.r/s3_init.ram/douta_n_1 (douta<31>)
     end scope: 'InstMem'
     OBUF:I->O                 4.909          data_out_31_OBUF (data_out<31>)
    ----------------------------------------
    Total                      6.216ns (5.535ns logic, 0.681ns route)
                                       (89.0% logic, 11.0% route)

=========================================================================


Total REAL time to Xst completion: 4.00 secs
Total CPU time to Xst completion: 4.87 secs
 
--> 

Total memory usage is 259128 kilobytes

Number of errors   :    0 (   0 filtered)
Number of warnings :    6 (   0 filtered)
Number of infos    :   17 (   0 filtered)

